mode: atomic
api-gateway/internal/config/config.go:53.48,60.2 1 6
api-gateway/internal/config/config.go:62.30,99.34 3 6
api-gateway/internal/config/config.go:99.34,101.14 2 27
api-gateway/internal/config/config.go:101.14,103.4 1 1
api-gateway/internal/config/config.go:104.3,104.11 1 26
api-gateway/internal/config/config.go:107.2,107.28 1 5
api-gateway/internal/config/config.go:110.35,111.18 1 5
api-gateway/internal/config/config.go:111.18,113.3 1 0
api-gateway/internal/config/config.go:114.2,114.30 1 5
api-gateway/internal/config/config.go:114.30,116.3 1 0
api-gateway/internal/config/config.go:117.2,117.34 1 5
api-gateway/internal/config/config.go:117.34,118.76 1 17
api-gateway/internal/config/config.go:118.76,120.4 1 1
api-gateway/internal/config/config.go:122.2,122.12 1 4
api-gateway/internal/config/config.go:127.37,128.47 1 36
api-gateway/internal/config/config.go:128.47,130.3 1 3
api-gateway/internal/config/config.go:131.2,131.12 1 33
api-gateway/internal/config/config.go:134.36,136.13 2 0
api-gateway/internal/config/config.go:136.13,137.65 1 0
api-gateway/internal/config/config.go:139.2,139.10 1 0
api-gateway/internal/config/config.go:142.41,143.36 1 24
api-gateway/internal/config/config.go:143.36,144.44 1 2
api-gateway/internal/config/config.go:144.44,146.4 1 1
api-gateway/internal/config/config.go:148.2,148.12 1 23
api-gateway/internal/config/config.go:151.51,152.36 1 6
api-gateway/internal/config/config.go:152.36,153.54 1 1
api-gateway/internal/config/config.go:153.54,155.4 1 1
api-gateway/internal/config/config.go:157.2,157.12 1 5
api-gateway/internal/config/config.go:160.66,161.36 1 60
api-gateway/internal/config/config.go:161.36,162.50 1 2
api-gateway/internal/config/config.go:162.50,164.4 1 1
api-gateway/internal/config/config.go:166.2,166.12 1 59
api-gateway/internal/config/config.go:169.38,170.28 1 6
api-gateway/internal/config/config.go:171.15,172.25 1 1
api-gateway/internal/config/config.go:173.25,174.24 1 0
api-gateway/internal/config/config.go:175.15,176.25 1 0
api-gateway/internal/config/config.go:177.10,178.24 1 5
api-gateway/internal/auth/keys.go:25.72,26.16 1 4
api-gateway/internal/auth/keys.go:26.16,28.3 1 1
api-gateway/internal/auth/keys.go:29.2,30.16 2 3
api-gateway/internal/auth/keys.go:30.16,32.3 1 1
api-gateway/internal/auth/keys.go:33.2,34.16 2 2
api-gateway/internal/auth/keys.go:34.16,36.3 1 1
api-gateway/internal/auth/keys.go:37.2,37.56 1 1
api-gateway/internal/auth/keys.go:40.54,40.70 1 1
api-gateway/internal/auth/keys.go:41.54,41.73 1 1
api-gateway/internal/proxy/proxy.go:36.31,38.22 2 5
api-gateway/internal/proxy/proxy.go:38.22,52.3 1 5
api-gateway/internal/proxy/proxy.go:54.2,55.37 1 5
api-gateway/internal/proxy/proxy.go:55.37,61.4 5 9
api-gateway/internal/proxy/proxy.go:64.73,68.4 1 1
api-gateway/internal/proxy/proxy.go:71.2,76.46 1 5
api-gateway/internal/proxy/proxy.go:76.46,77.44 1 7
api-gateway/internal/proxy/proxy.go:77.44,79.5 1 5
api-gateway/internal/proxy/proxy.go:80.4,81.44 2 2
api-gateway/internal/proxy/proxy.go:83.38,87.4 1 9
api-gateway/internal/proxy/proxy.go:90.2,90.74 1 5
api-gateway/internal/proxy/proxy.go:93.35,93.52 1 1
api-gateway/internal/proxy/proxy.go:94.35,94.54 1 1
api-gateway/internal/proxy/proxy.go:97.67,98.50 1 12
api-gateway/internal/proxy/proxy.go:98.50,102.24 3 9
api-gateway/internal/proxy/proxy.go:102.24,104.4 1 7
api-gateway/internal/proxy/proxy.go:105.3,105.18 1 2
api-gateway/internal/proxy/proxy.go:107.2,107.16 1 12
api-gateway/internal/proxy/proxy.go:107.16,108.93 1 10
api-gateway/internal/proxy/proxy.go:108.93,113.4 3 3
api-gateway/internal/proxy/proxy.go:123.48,126.2 2 9
api-gateway/internal/proxy/proxy.go:128.55,129.19 1 2
api-gateway/internal/proxy/proxy.go:129.19,131.3 1 0
api-gateway/internal/proxy/proxy.go:132.2,132.34 1 2
api-gateway/internal/proxy/proxy.go:135.39,136.18 1 9
api-gateway/internal/proxy/proxy.go:136.18,138.3 1 0
api-gateway/internal/proxy/proxy.go:139.2,139.53 1 9
api-gateway/internal/proxy/proxy.go:139.53,141.3 1 0
api-gateway/internal/proxy/proxy.go:142.2,142.15 1 9
api-gateway/internal/middleware/auth.go:29.59,30.46 1 9
api-gateway/internal/middleware/auth.go:30.46,31.72 1 9
api-gateway/internal/middleware/auth.go:31.72,33.56 1 9
api-gateway/internal/middleware/auth.go:33.56,36.5 2 0
api-gateway/internal/middleware/auth.go:38.4,38.37 1 9
api-gateway/internal/middleware/auth.go:38.37,41.5 2 1
api-gateway/internal/middleware/auth.go:43.4,44.18 2 8
api-gateway/internal/middleware/auth.go:44.18,47.5 2 3
api-gateway/internal/middleware/auth.go:49.4,50.18 2 5
api-gateway/internal/middleware/auth.go:50.18,53.5 2 4
api-gateway/internal/middleware/auth.go:55.4,58.81 3 1
api-gateway/internal/middleware/auth.go:63.56,64.24 1 9
api-gateway/internal/middleware/auth.go:64.24,66.3 1 9
api-gateway/internal/middleware/auth.go:67.2,67.29 1 0
api-gateway/internal/middleware/auth.go:67.29,68.33 1 0
api-gateway/internal/middleware/auth.go:68.33,70.4 1 0
api-gateway/internal/middleware/auth.go:72.2,72.14 1 0
api-gateway/internal/middleware/auth.go:75.59,76.28 1 9
api-gateway/internal/middleware/auth.go:76.28,77.47 1 2
api-gateway/internal/middleware/auth.go:77.47,78.12 1 1
api-gateway/internal/middleware/auth.go:80.3,80.15 1 1
api-gateway/internal/middleware/auth.go:80.15,81.31 1 1
api-gateway/internal/middleware/auth.go:81.31,83.5 1 1
api-gateway/internal/middleware/auth.go:84.4,84.12 1 0
api-gateway/internal/middleware/auth.go:86.3,86.47 1 0
api-gateway/internal/middleware/auth.go:86.47,88.4 1 0
api-gateway/internal/middleware/auth.go:90.2,90.14 1 8
api-gateway/internal/middleware/auth.go:93.53,95.13 2 8
api-gateway/internal/middleware/auth.go:95.13,97.3 1 2
api-gateway/internal/middleware/auth.go:98.2,99.35 2 6
api-gateway/internal/middleware/auth.go:99.35,101.3 1 1
api-gateway/internal/middleware/auth.go:102.2,103.15 2 5
api-gateway/internal/middleware/auth.go:103.15,105.3 1 0
api-gateway/internal/middleware/auth.go:106.2,106.17 1 5
api-gateway/internal/middleware/auth.go:109.79,115.66 2 5
api-gateway/internal/middleware/auth.go:115.66,117.3 1 4
api-gateway/internal/middleware/auth.go:118.2,118.16 1 5
api-gateway/internal/middleware/auth.go:118.16,120.3 1 4
api-gateway/internal/middleware/auth.go:121.2,122.9 2 1
api-gateway/internal/middleware/auth.go:122.9,124.3 1 0
api-gateway/internal/middleware/auth.go:125.2,125.20 1 1
api-gateway/internal/middleware/auth.go:128.50,130.9 2 7
api-gateway/internal/middleware/auth.go:130.9,132.3 1 1
api-gateway/internal/middleware/auth.go:133.2,133.25 1 6
api-gateway/internal/middleware/auth.go:134.13,136.26 2 3
api-gateway/internal/middleware/auth.go:136.26,137.34 1 7
api-gateway/internal/middleware/auth.go:137.34,139.5 1 6
api-gateway/internal/middleware/auth.go:141.3,141.13 1 3
api-gateway/internal/middleware/auth.go:142.16,143.11 1 1
api-gateway/internal/middleware/auth.go:144.14,145.31 1 1
api-gateway/internal/middleware/auth.go:146.10,147.13 1 1
api-gateway/internal/middleware/auth.go:153.32,153.52 1 7
api-gateway/internal/middleware/logger.go:17.47,20.2 2 4
api-gateway/internal/middleware/logger.go:22.54,23.19 1 1
api-gateway/internal/middleware/logger.go:23.19,25.3 1 0
api-gateway/internal/middleware/logger.go:26.2,28.15 3 1
api-gateway/internal/middleware/logger.go:31.63,32.46 1 4
api-gateway/internal/middleware/logger.go:32.46,33.72 1 4
api-gateway/internal/middleware/logger.go:33.72,39.22 4 4
api-gateway/internal/middleware/logger.go:39.22,41.5 1 0
api-gateway/internal/middleware/logger.go:42.4,53.5 1 4
api-gateway/internal/middleware/logger.go:58.38,59.9 1 10
api-gateway/internal/middleware/logger.go:60.21,61.25 1 3
api-gateway/internal/middleware/logger.go:62.21,63.24 1 4
api-gateway/internal/middleware/logger.go:64.10,65.24 1 3
api-gateway/internal/middleware/metrics.go:31.46,32.71 1 0
api-gateway/internal/middleware/metrics.go:32.71,42.18 7 0
api-gateway/internal/middleware/metrics.go:42.18,44.4 1 0
api-gateway/internal/middleware/metrics.go:45.3,45.21 1 0
api-gateway/internal/middleware/metrics.go:45.21,47.4 1 0
api-gateway/internal/middleware/metrics.go:49.3,50.92 2 0
api-gateway/internal/middleware/ratelimit.go:13.75,14.46 1 5
api-gateway/internal/middleware/ratelimit.go:14.46,15.72 1 5
api-gateway/internal/middleware/ratelimit.go:15.72,19.18 3 5
api-gateway/internal/middleware/ratelimit.go:19.18,23.5 2 1
api-gateway/internal/middleware/ratelimit.go:25.4,27.16 2 4
api-gateway/internal/middleware/ratelimit.go:27.16,30.5 2 1
api-gateway/internal/middleware/ratelimit.go:31.4,31.24 1 3
api-gateway/internal/middleware/ratelimit.go:36.40,37.53 1 5
api-gateway/internal/middleware/ratelimit.go:37.53,39.3 1 1
api-gateway/internal/middleware/ratelimit.go:40.2,40.28 1 4
api-gateway/internal/middleware/ratelimit.go:43.39,44.55 1 8
api-gateway/internal/middleware/ratelimit.go:44.55,46.50 2 2
api-gateway/internal/middleware/ratelimit.go:46.50,48.4 1 2
api-gateway/internal/middleware/ratelimit.go:50.2,50.49 1 6
api-gateway/internal/middleware/ratelimit.go:50.49,52.3 1 1
api-gateway/internal/middleware/ratelimit.go:53.2,54.16 2 5
api-gateway/internal/middleware/ratelimit.go:54.16,56.3 1 0
api-gateway/internal/middleware/ratelimit.go:57.2,57.13 1 5
api-gateway/internal/middleware/ratelimit.go:60.29,61.12 1 4
api-gateway/internal/middleware/ratelimit.go:61.12,63.3 1 3
api-gateway/internal/middleware/ratelimit.go:64.2,65.9 2 1
api-gateway/internal/middleware/ratelimit.go:65.9,67.3 1 0
api-gateway/internal/middleware/ratelimit.go:68.2,70.12 3 1
api-gateway/internal/middleware/ratelimit.go:70.12,74.3 3 2
api-gateway/internal/middleware/ratelimit.go:75.2,75.9 1 1
api-gateway/internal/middleware/ratelimit.go:75.9,78.3 2 0
api-gateway/internal/middleware/ratelimit.go:79.2,79.24 1 1
api-gateway/internal/middleware/recovery.go:12.65,13.46 1 2
api-gateway/internal/middleware/recovery.go:13.46,14.72 1 2
api-gateway/internal/middleware/recovery.go:14.72,15.17 1 2
api-gateway/internal/middleware/recovery.go:15.17,16.37 1 2
api-gateway/internal/middleware/recovery.go:16.37,24.6 2 1
api-gateway/internal/middleware/recovery.go:26.4,26.24 1 2
api-gateway/internal/middleware/requestid.go:13.48,14.71 1 2
api-gateway/internal/middleware/requestid.go:14.71,16.15 2 2
api-gateway/internal/middleware/requestid.go:16.15,18.4 1 1
api-gateway/internal/middleware/requestid.go:19.3,20.77 2 2
api-gateway/internal/middleware/requestid.go:24.21,28.2 3 1
api-gateway/internal/ratelimit/redis.go:38.64,39.21 1 7
api-gateway/internal/ratelimit/redis.go:39.21,41.3 1 1
api-gateway/internal/ratelimit/redis.go:42.2,42.22 1 6
api-gateway/internal/ratelimit/redis.go:42.22,44.3 1 1
api-gateway/internal/ratelimit/redis.go:45.2,57.44 4 5
api-gateway/internal/ratelimit/redis.go:57.44,59.3 1 1
api-gateway/internal/ratelimit/redis.go:61.2,66.8 1 4
api-gateway/internal/ratelimit/redis.go:69.99,77.16 4 17
api-gateway/internal/ratelimit/redis.go:77.16,79.3 1 0
api-gateway/internal/ratelimit/redis.go:81.2,82.25 2 17
api-gateway/internal/ratelimit/redis.go:82.25,84.3 1 0
api-gateway/internal/ratelimit/redis.go:86.2,91.30 5 17
api-gateway/internal/ratelimit/redis.go:91.30,93.21 2 3
api-gateway/internal/ratelimit/redis.go:93.21,95.4 1 0
api-gateway/internal/ratelimit/redis.go:97.2,97.44 1 17
api-gateway/internal/ratelimit/redis.go:100.38,100.62 1 4
api-gateway/internal/ratelimit/redis.go:102.25,103.23 1 51
api-gateway/internal/ratelimit/redis.go:104.13,105.11 1 51
api-gateway/internal/ratelimit/redis.go:106.11,107.18 1 0
api-gateway/internal/ratelimit/redis.go:108.15,109.18 1 0
api-gateway/internal/ratelimit/redis.go:110.10,111.11 1 0
api-gateway/internal/router/router.go:26.34,45.43 12 12
api-gateway/internal/router/router.go:45.43,47.17 2 48
api-gateway/internal/router/router.go:47.17,49.12 2 0
api-gateway/internal/router/router.go:51.3,63.52 3 48
api-gateway/internal/router/router.go:66.2,69.10 3 12
api-gateway/internal/router/router.go:80.45,87.2 1 12
api-gateway/internal/router/router.go:89.46,100.2 1 12
api-gateway/internal/router/router.go:102.46,103.54 1 24
api-gateway/internal/router/router.go:103.54,106.3 2 3
api-gateway/internal/router/router.go:109.63,110.54 1 24
api-gateway/internal/router/router.go:110.54,114.3 3 2
api-gateway/internal/transport/context.go:13.68,15.2 1 0
api-gateway/internal/transport/context.go:17.44,18.51 1 0
api-gateway/internal/transport/context.go:18.51,20.3 1 0
api-gateway/internal/transport/context.go:21.2,21.11 1 0
api-gateway/internal/transport/context.go:24.79,28.2 3 0
api-gateway/internal/transport/context.go:30.41,31.48 1 0
api-gateway/internal/transport/context.go:31.48,33.3 1 0
api-gateway/internal/transport/context.go:34.2,34.11 1 0
api-gateway/internal/transport/context.go:37.46,38.53 1 0
api-gateway/internal/transport/context.go:38.53,40.3 1 0
api-gateway/internal/transport/context.go:41.2,41.12 1 0
api-gateway/internal/errors/errors.go:14.69,18.2 3 0
api-gateway/internal/errors/errors.go:21.54,23.2 1 0
api-gateway/internal/errors/errors.go:25.51,27.2 1 0
api-gateway/internal/errors/errors.go:29.61,32.2 2 0
api-gateway/internal/errors/errors.go:34.52,36.2 1 0
api-gateway/internal/errors/errors.go:38.38,40.2 1 0
api-gateway/internal/errors/errors.go:42.25,43.12 1 0
api-gateway/internal/errors/errors.go:43.12,45.3 1 0
api-gateway/internal/errors/errors.go:46.2,48.12 3 0
api-gateway/internal/errors/errors.go:48.12,52.3 3 0
api-gateway/internal/errors/errors.go:53.2,53.24 1 0
api-gateway/internal/server/server.go:14.60,25.2 1 0
api-gateway/internal/server/server.go:27.54,27.75 1 0
api-gateway/internal/server/server.go:28.54,28.87 1 0
api-gateway/internal/server/server.go:29.54,29.84 1 0
api-gateway/internal/logger/logger.go:8.53,12.36 3 0
api-gateway/internal/logger/logger.go:12.36,14.3 1 0
api-gateway/internal/logger/logger.go:14.8,16.3 1 0
api-gateway/internal/logger/logger.go:18.2,18.57 1 0
api-gateway/cmd/server/main.go:20.13,21.30 1 0
api-gateway/cmd/server/main.go:21.30,24.3 2 0
api-gateway/cmd/server/main.go:27.18,29.16 2 0
api-gateway/cmd/server/main.go:29.16,31.3 1 0
api-gateway/cmd/server/main.go:33.2,38.16 4 0
api-gateway/cmd/server/main.go:38.16,40.3 1 0
api-gateway/cmd/server/main.go:43.2,50.16 2 0
api-gateway/cmd/server/main.go:50.16,52.3 1 0
api-gateway/cmd/server/main.go:53.2,53.15 1 0
api-gateway/cmd/server/main.go:53.15,53.33 1 0
api-gateway/cmd/server/main.go:55.2,66.12 4 0
api-gateway/cmd/server/main.go:66.12,72.87 2 0
api-gateway/cmd/server/main.go:72.87,74.4 1 0
api-gateway/cmd/server/main.go:78.2,81.9 3 0
api-gateway/cmd/server/main.go:82.22,83.13 1 0
api-gateway/cmd/server/main.go:84.21,85.63 1 0
api-gateway/cmd/server/main.go:88.2,91.42 3 0
api-gateway/cmd/server/main.go:91.42,94.3 2 0
api-gateway/cmd/server/main.go:95.2,96.12 2 0
